Drill report for powerblink.kicad_pcb
Created on 2026-08-05T14:08:20

Copper Layer Stackup:
    =============================================================
    L1 :  F.Cu                      front
    L2 :  B.Cu                      back


Drill file 'powerblink-PTH-drl.gbr' contains
    plated through holes:
    =============================================================
    T1  0.200mm  0.0079"  (6 holes))
    T2  0.600mm  0.0236"  (8 holes)  (with 8 slots)
    T3  0.700mm  0.0276"  (9 holes))
    T4  1.000mm  0.0394"  (4 holes))
    T5  1.100mm  0.0433"  (4 holes))

    Total plated holes count 31


Drill file 'powerblink-NPTH-drl.gbr' contains
    unplated through holes:
    =============================================================
    T1  0.650mm  0.0256"  (2 holes))

    Total unplated holes count 2
